#-----------------------------------------------------------
# Webtalk v2020.2 (64-bit)
# SW Build 3064766 on Wed Nov 18 09:12:45 MST 2020
# IP Build 3064653 on Wed Nov 18 14:17:31 MST 2020
# Start of session at: Sat Apr 17 01:01:26 2021
# Process ID: 21244
# Current directory: E:/Documents/Vivado/Basys3/Projects/smvp_systolic/smvp_systolic.sim/sim_1/behav/xsim
# Command line: wbtcv.exe -mode batch -source E:/Documents/Vivado/Basys3/Projects/smvp_systolic/smvp_systolic.sim/sim_1/behav/xsim/xsim.dir/smvp_systolic_top_behav/webtalk/xsim_webtalk.tcl -notrace
# Log file: E:/Documents/Vivado/Basys3/Projects/smvp_systolic/smvp_systolic.sim/sim_1/behav/xsim/webtalk.log
# Journal file: E:/Documents/Vivado/Basys3/Projects/smvp_systolic/smvp_systolic.sim/sim_1/behav/xsim\webtalk.jou
#-----------------------------------------------------------
source E:/Documents/Vivado/Basys3/Projects/smvp_systolic/smvp_systolic.sim/sim_1/behav/xsim/xsim.dir/smvp_systolic_top_behav/webtalk/xsim_webtalk.tcl -notrace
